2026-09-06 18:09:26,943 [INFO] Downloading real NASA satellite imagery for 41 storm states...
2026-09-06 18:09:29,414 [INFO] [01/41] Downloaded AMPHAN (2020-05-18) -> IR & VIS
2026-09-06 18:09:31,971 [INFO] [02/41] Downloaded AMPHAN_EARLY (2020-05-16) -> IR & VIS
2026-09-06 18:09:34,637 [INFO] [03/41] Downloaded AMPHAN_MID (2020-05-17) -> IR & VIS
2026-09-06 18:09:37,602 [INFO] [04/41] Downloaded AMPHAN_LANDFALL (2020-05-20) -> IR & VIS
2026-09-06 18:09:40,161 [INFO] [05/41] Downloaded FANI (2019-05-02) -> IR & VIS
2026-09-06 18:09:44,053 [INFO] [06/41] Downloaded FANI_EARLY (2019-04-28) -> IR & VIS
2026-09-06 18:09:47,330 [INFO] [07/41] Downloaded FANI_MID (2019-04-30) -> IR & VIS
2026-09-06 18:09:50,402 [INFO] [08/41] Downloaded BIPARJOY (2023-06-11) -> IR & VIS
2026-09-06 18:09:53,578 [INFO] [09/41] Downloaded BIPARJOY_EARLY (2023-06-07) -> IR & VIS
2026-09-06 18:09:56,451 [INFO] [10/41] Downloaded BIPARJOY_MID (2023-06-09) -> IR & VIS
2026-09-06 18:09:59,003 [INFO] [11/41] Downloaded BIPARJOY_LATE (2023-06-15) -> IR & VIS
2026-09-06 18:10:02,183 [INFO] [12/41] Downloaded TAUKTAE (2021-05-17) -> IR & VIS
2026-09-06 18:10:05,147 [INFO] [13/41] Downloaded TAUKTAE_EARLY (2021-05-15) -> IR & VIS
2026-09-06 18:10:07,913 [INFO] [14/41] Downloaded TAUKTAE_MID (2021-05-16) -> IR & VIS
2026-09-06 18:10:10,781 [INFO] [15/41] Downloaded MOCHA (2023-05-13) -> IR & VIS
2026-09-06 18:10:13,545 [INFO] [16/41] Downloaded MOCHA_EARLY (2023-05-11) -> IR & VIS
2026-09-06 18:10:17,031 [INFO] [17/41] Downloaded MOCHA_MID (2023-05-12) -> IR & VIS
2026-09-06 18:10:19,893 [INFO] [18/41] Downloaded REMAL (2024-05-26) -> IR & VIS
2026-09-06 18:10:23,075 [INFO] [19/41] Downloaded REMAL_EARLY (2024-05-24) -> IR & VIS
2026-09-06 18:10:26,355 [INFO] [20/41] Downloaded DANA (2024-10-24) -> IR & VIS
2026-09-06 18:10:29,323 [INFO] [21/41] Downloaded DANA_EARLY (2024-10-23) -> IR & VIS
2026-09-06 18:10:31,995 [INFO] [22/41] Downloaded YAAS (2021-05-25) -> IR & VIS
2026-09-06 18:10:34,850 [INFO] [23/41] Downloaded YAAS_EARLY (2021-05-24) -> IR & VIS
2026-09-06 18:10:38,122 [INFO] [24/41] Downloaded NISARGA (2020-06-03) -> IR & VIS
2026-09-06 18:10:40,906 [INFO] [25/41] Downloaded GULAB (2021-09-26) -> IR & VIS
2026-09-06 18:10:44,470 [INFO] [26/41] Downloaded JAWAD (2021-12-04) -> IR & VIS
2026-09-06 18:10:47,339 [INFO] [27/41] Downloaded ASANI (2022-05-10) -> IR & VIS
2026-09-06 18:10:50,104 [INFO] [28/41] Downloaded SITRANG (2022-10-24) -> IR & VIS
2026-09-06 18:10:53,071 [INFO] [29/41] Downloaded MANDOUS (2022-12-09) -> IR & VIS
2026-09-06 18:10:56,048 [INFO] [30/41] Downloaded MICHAUNG (2023-12-04) -> IR & VIS
2026-09-06 18:10:58,909 [INFO] [31/41] Downloaded HAMOON (2023-10-24) -> IR & VIS
2026-09-06 18:11:01,675 [INFO] [32/41] Downloaded MIDHILI (2023-11-17) -> IR & VIS
2026-09-06 18:11:04,339 [INFO] [33/41] Downloaded CLEAR_ARABIAN_SEA_1 (2023-01-15) -> IR & VIS
2026-09-06 18:11:07,102 [INFO] [34/41] Downloaded CLEAR_BAY_OF_BENGAL_1 (2023-02-20) -> IR & VIS
2026-09-06 18:11:09,663 [INFO] [35/41] Downloaded CLEAR_INDIAN_OCEAN_1 (2023-03-10) -> IR & VIS
2026-09-06 18:11:12,331 [INFO] [36/41] Downloaded CLEAR_ARABIAN_SEA_2 (2024-01-20) -> IR & VIS
2026-09-06 18:11:15,499 [INFO] [37/41] Downloaded CLEAR_BAY_OF_BENGAL_2 (2024-02-15) -> IR & VIS
2026-09-06 18:11:18,570 [INFO] [38/41] Downloaded AMPHAN_DISSIPATING (2020-05-21) -> IR & VIS
2026-09-06 18:11:21,435 [INFO] [39/41] Downloaded FANI_DISSIPATING (2019-05-04) -> IR & VIS
2026-09-06 18:11:25,848 [INFO] [40/41] Downloaded BIPARJOY_DISSIPATING (2023-06-17) -> IR & VIS
2026-09-06 18:11:29,221 [INFO] [41/41] Downloaded TAUKTAE_DISSIPATING (2021-05-19) -> IR & VIS
2026-09-06 18:11:29,531 [INFO] Successfully downloaded 41 real satellite pairs. Manifest saved to C:\Users\hp\OneDrive - Manipal University Jaipur\Desktop\CycloneSense\data\processed\real_satellite_manifest.json
2026-09-06 18:11:29,531 [INFO] Real data storm split: 12 train, 2 val, 4 test.
2026-09-06 18:11:31,114 [INFO] Real dataset prepared: train=40, val=12, test=30 (Total=82)
