2026-09-06 18:14:09,129 [INFO] Using training compute device: cpu (CPU)
2026-09-06 18:14:09,146 [INFO] Datasets: 1088 train, 28 val, 14 test samples.
2026-09-06 18:14:09,147 [INFO] Class mapping: {'central_dense_overcast': 0, 'clear': 1, 'curved_band': 2, 'developing': 3, 'dissipating': 4, 'eye': 5, 'sheared': 6}
2026-09-06 18:14:09,166 [INFO] Starting training loop...
2026-09-06 18:14:26,638 [INFO] Epoch [01/15] Train Loss: 1.5695 | Train Acc: 34.3% | Val Loss: 4.9800 | Val Acc: 14.3%
2026-09-06 18:14:26,667 [INFO] --> Saved best model checkpoint (Val Acc: 14.3%)
2026-09-06 18:14:44,773 [INFO] Epoch [02/15] Train Loss: 1.3941 | Train Acc: 43.6% | Val Loss: 2.2867 | Val Acc: 28.6%
2026-09-06 18:14:44,793 [INFO] --> Saved best model checkpoint (Val Acc: 28.6%)
2026-09-06 18:15:03,691 [INFO] Epoch [03/15] Train Loss: 1.2594 | Train Acc: 46.9% | Val Loss: 2.8205 | Val Acc: 42.9%
2026-09-06 18:15:25,500 [INFO] Epoch [04/15] Train Loss: 1.1825 | Train Acc: 49.8% | Val Loss: 2.9003 | Val Acc: 14.3%
2026-09-06 18:15:46,962 [INFO] Epoch [05/15] Train Loss: 1.1151 | Train Acc: 52.9% | Val Loss: 2.7301 | Val Acc: 28.6%
2026-09-06 18:16:04,613 [INFO] Epoch [06/15] Train Loss: 1.0118 | Train Acc: 59.2% | Val Loss: 3.2817 | Val Acc: 42.9%
2026-09-06 18:16:21,639 [INFO] Epoch [07/15] Train Loss: 0.9406 | Train Acc: 60.8% | Val Loss: 4.6898 | Val Acc: 25.0%
2026-09-06 18:16:41,699 [INFO] Epoch [08/15] Train Loss: 0.8507 | Train Acc: 64.2% | Val Loss: 7.0796 | Val Acc: 28.6%
2026-09-06 18:17:01,739 [INFO] Epoch [09/15] Train Loss: 0.8172 | Train Acc: 65.5% | Val Loss: 4.2274 | Val Acc: 17.9%
2026-09-06 18:17:20,024 [INFO] Epoch [10/15] Train Loss: 0.7848 | Train Acc: 65.6% | Val Loss: 4.0982 | Val Acc: 35.7%
2026-09-06 18:17:37,248 [INFO] Epoch [11/15] Train Loss: 0.8045 | Train Acc: 66.2% | Val Loss: 4.2792 | Val Acc: 28.6%
2026-09-06 18:17:55,633 [INFO] Epoch [12/15] Train Loss: 0.7439 | Train Acc: 69.3% | Val Loss: 3.8966 | Val Acc: 28.6%
2026-09-06 18:18:13,427 [INFO] Epoch [13/15] Train Loss: 0.7125 | Train Acc: 69.3% | Val Loss: 3.8559 | Val Acc: 42.9%
2026-09-06 18:18:31,218 [INFO] Epoch [14/15] Train Loss: 0.7140 | Train Acc: 70.2% | Val Loss: 4.8226 | Val Acc: 25.0%
2026-09-06 18:18:49,716 [INFO] Epoch [15/15] Train Loss: 0.6708 | Train Acc: 73.9% | Val Loss: 3.8672 | Val Acc: 39.3%
2026-09-06 18:18:49,716 [INFO] Training completed in 280.6 seconds.
2026-09-06 18:18:49,859 [INFO] Final Test Evaluation: Loss: 1.2549 | Accuracy: 42.9%
2026-09-06 18:18:51,840 [INFO] 
============================================================
2026-09-06 18:18:51,840 [INFO] CLASSIFICATION REPORT (Test Set):
C:\Users\hp\OneDrive - Manipal University Jaipur\Desktop\CycloneSense\.venv\Lib\site-packages\sklearn\metrics\_classification.py:1879: UndefinedMetricWarning: Precision is ill-defined and being set to 0.0 in labels with no predicted samples. Use `zero_division` parameter to control this behavior.
  _warn_prf(average, modifier, f"{metric.capitalize()} is", result.shape[0])
C:\Users\hp\OneDrive - Manipal University Jaipur\Desktop\CycloneSense\.venv\Lib\site-packages\sklearn\metrics\_classification.py:1879: UndefinedMetricWarning: Precision is ill-defined and being set to 0.0 in labels with no predicted samples. Use `zero_division` parameter to control this behavior.
  _warn_prf(average, modifier, f"{metric.capitalize()} is", result.shape[0])
C:\Users\hp\OneDrive - Manipal University Jaipur\Desktop\CycloneSense\.venv\Lib\site-packages\sklearn\metrics\_classification.py:1879: UndefinedMetricWarning: Precision is ill-defined and being set to 0.0 in labels with no predicted samples. Use `zero_division` parameter to control this behavior.
  _warn_prf(average, modifier, f"{metric.capitalize()} is", result.shape[0])
2026-09-06 18:18:51,899 [INFO] 
                        precision    recall  f1-score   support

central_dense_overcast      0.000     0.000     0.000         2
                 clear      1.000     1.000     1.000         2
           curved_band      0.222     1.000     0.364         2
            developing      0.000     0.000     0.000         2
           dissipating      1.000     1.000     1.000         2
                   eye      0.000     0.000     0.000         2
               sheared      0.000     0.000     0.000         2

              accuracy                          0.429        14
             macro avg      0.317     0.429     0.338        14
          weighted avg      0.317     0.429     0.338        14

2026-09-06 18:18:51,899 [INFO] CONFUSION MATRIX:
2026-09-06 18:18:51,902 [INFO] 
[[0 0 2 0 0 0 0]
 [0 2 0 0 0 0 0]
 [0 0 2 0 0 0 0]
 [0 0 2 0 0 0 0]
 [0 0 0 0 2 0 0]
 [0 0 1 1 0 0 0]
 [0 0 2 0 0 0 0]]
2026-09-06 18:18:51,902 [INFO] ============================================================
